c:\users\fedor\source\repos\cherkasovlb3\cherkasovdll\x64\debug\networklibcherkasov.pch
c:\users\fedor\source\repos\cherkasovlb3\cherkasovdll\x64\debug\vc145.pdb
c:\users\fedor\source\repos\cherkasovlb3\cherkasovdll\x64\debug\vc145.idb
c:\users\fedor\source\repos\cherkasovlb3\cherkasovdll\x64\debug\pch.obj
c:\users\fedor\source\repos\cherkasovlb3\cherkasovdll\x64\debug\networktransportcherkasov.obj
c:\users\fedor\source\repos\cherkasovlb3\cherkasovdll\x64\debug\exports.obj
c:\users\fedor\source\repos\cherkasovlb3\cherkasovdll\x64\debug\dllmain.obj
c:\users\fedor\source\repos\cherkasovlb3\x64\debug\networklibcherkasov.dll
c:\users\fedor\source\repos\cherkasovlb3\x64\debug\networklibcherkasov.pdb
c:\users\fedor\source\repos\cherkasovlb3\x64\debug\networklibcherkasov.lib
c:\users\fedor\source\repos\cherkasovlb3\x64\debug\networklibcherkasov.exp
c:\users\fedor\source\repos\cherkasovlb3\cherkasovdll\x64\debug\networklibcherkasov.ilk
c:\users\fedor\source\repos\cherkasovlb3\cherkasovdll\x64\debug\networkl.f96419d7.tlog\cl.command.1.tlog
c:\users\fedor\source\repos\cherkasovlb3\cherkasovdll\x64\debug\networkl.f96419d7.tlog\cl.items.tlog
c:\users\fedor\source\repos\cherkasovlb3\cherkasovdll\x64\debug\networkl.f96419d7.tlog\cl.read.1.tlog
c:\users\fedor\source\repos\cherkasovlb3\cherkasovdll\x64\debug\networkl.f96419d7.tlog\cl.write.1.tlog
c:\users\fedor\source\repos\cherkasovlb3\cherkasovdll\x64\debug\networkl.f96419d7.tlog\link.command.1.tlog
c:\users\fedor\source\repos\cherkasovlb3\cherkasovdll\x64\debug\networkl.f96419d7.tlog\link.read.1.tlog
c:\users\fedor\source\repos\cherkasovlb3\cherkasovdll\x64\debug\networkl.f96419d7.tlog\link.secondary.1.tlog
c:\users\fedor\source\repos\cherkasovlb3\cherkasovdll\x64\debug\networkl.f96419d7.tlog\link.write.1.tlog
